bash: /home/kaiwen/miniconda3/lib/libtinfo.so.6: no version information available (required by bash)
### CPU fp32 val_s01 ###
[harness] val_s01 fp32: mask_rem=0 valid_json=False traj=ok (556.9s)
### CPU fp32 val_s02 ###
[harness] val_s02 fp32: mask_rem=0 valid_json=False traj=ok (505.3s)
### CPU fp32 val_s03 ###
[harness] val_s03 fp32: mask_rem=0 valid_json=True traj=ok (411.2s)
### CPU fp32 val_s04 ###
[harness] val_s04 fp32: mask_rem=0 valid_json=False traj=ok (581.5s)
### CPU fp32 val_s05 ###
[harness] val_s05 fp32: mask_rem=0 valid_json=False traj=ok (537.2s)
### CPU fp32 val_s07 ###
[harness] val_s07 fp32: mask_rem=0 valid_json=False traj=ok (683.5s)
### CPU fp32 val_s08 ###
[harness] val_s08 fp32: mask_rem=0 valid_json=True traj=ok (707.0s)
### CPU fp32 val_s09 ###
[harness] val_s09 fp32: mask_rem=0 valid_json=False traj=ok (564.8s)
### CPU fp32 val_s10 ###
[harness] val_s10 fp32: mask_rem=0 valid_json=True traj=ok (693.7s)
### CPU fp32 val_s11 ###
[harness] val_s11 fp32: mask_rem=0 valid_json=False traj=ok (629.2s)
### CPU fp32 val_s12 ###
[harness] val_s12 fp32: mask_rem=0 valid_json=True traj=ok (621.1s)
### CPU fp32 val_s14 ###
[harness] val_s14 fp32: mask_rem=0 valid_json=False traj=ok (598.6s)
### CPU fp32 val_s15 ###
[harness] val_s15 fp32: mask_rem=0 valid_json=False traj=ok (590.5s)
### CPU fp32 val_s16 ###
[harness] val_s16 fp32: mask_rem=0 valid_json=False traj=ok (650.0s)
### CPU fp32 val_s18 ###
[harness] val_s18 fp32: mask_rem=0 valid_json=False traj=ok (639.4s)
### CPU fp32 val_s19 ###
[harness] val_s19 fp32: mask_rem=0 valid_json=False traj=ok (668.6s)
CPU_REST_DONE
