bash: /home/kaiwen/miniconda3/lib/libtinfo.so.6: no version information available (required by bash)
### CPU fp32 val_s13 ###
[harness] jax=0.10.0 dev=[CpuDevice(id=0)] dtype=fp32 matmul=highest
[transformers] PyTorch was not found. Models won't be available and only tokenizers, configuration and file/data utilities can be used.
[transformers] DeepseekV32Config got `key=rope_scaling` in kwargs but hasn't set it as attribute. For RoPE standardization you need to set `self.rope_parameters` in model's config. 
[harness] text loaded (33s)
[transformers] `layer_type_validation` is deprecated and will be removed in v5.20. Use `PreTrainedConfig.validate_layer_type` instead
/home/kaiwen/jax-dlm-baseline/.venv/lib/python3.11/site-packages/transformers/modeling_rope_utils.py:1034: FutureWarning: `rope_config_validation` is deprecated and has been removed. Its functionality has been moved to RotaryEmbeddingConfigMixin.validate_rope method. PreTrainedConfig inherits this class, so please call self.validate_rope() instead. Also, make sure to use the new rope_parameters syntax. You can call self.standardize_rope_params() in the meantime.
  warnings.warn(
[transformers] Unrecognized keys in `rope_parameters` for 'rope_type'='default': {'mrope_section'}
[transformers] Unrecognized keys in `rope_parameters` for 'rope_type'='default': {'mrope_section'}
[transformers] Fast_dDriveConfig got `key=rope_scaling` in kwargs but hasn't set it as attribute. For RoPE standardization you need to set `self.rope_parameters` in model's config. 
[transformers] Unrecognized keys in `rope_parameters` for 'rope_type'='default': {'mrope_section'}
[transformers] `layer_type_validation` is deprecated and will be removed in v5.20. Use `PreTrainedConfig.validate_layer_type` instead
[transformers] `layer_type_validation` is deprecated and will be removed in v5.20. Use `PreTrainedConfig.validate_layer_type` instead
[harness] val_s13 fp32: mask_rem=0 valid_json=True traj=ok (586.8s)
[harness] wrote jax_ddrive/scripts/temp/cpu_val_s13_fp32.json (1 samples)
### CPU fp32 val_s17 ###
[harness] jax=0.10.0 dev=[CpuDevice(id=0)] dtype=fp32 matmul=highest
[transformers] PyTorch was not found. Models won't be available and only tokenizers, configuration and file/data utilities can be used.
[transformers] DeepseekV32Config got `key=rope_scaling` in kwargs but hasn't set it as attribute. For RoPE standardization you need to set `self.rope_parameters` in model's config. 
[harness] text loaded (33s)
[transformers] `layer_type_validation` is deprecated and will be removed in v5.20. Use `PreTrainedConfig.validate_layer_type` instead
/home/kaiwen/jax-dlm-baseline/.venv/lib/python3.11/site-packages/transformers/modeling_rope_utils.py:1034: FutureWarning: `rope_config_validation` is deprecated and has been removed. Its functionality has been moved to RotaryEmbeddingConfigMixin.validate_rope method. PreTrainedConfig inherits this class, so please call self.validate_rope() instead. Also, make sure to use the new rope_parameters syntax. You can call self.standardize_rope_params() in the meantime.
  warnings.warn(
[transformers] Unrecognized keys in `rope_parameters` for 'rope_type'='default': {'mrope_section'}
[transformers] Unrecognized keys in `rope_parameters` for 'rope_type'='default': {'mrope_section'}
[transformers] Fast_dDriveConfig got `key=rope_scaling` in kwargs but hasn't set it as attribute. For RoPE standardization you need to set `self.rope_parameters` in model's config. 
[transformers] Unrecognized keys in `rope_parameters` for 'rope_type'='default': {'mrope_section'}
[transformers] `layer_type_validation` is deprecated and will be removed in v5.20. Use `PreTrainedConfig.validate_layer_type` instead
[transformers] `layer_type_validation` is deprecated and will be removed in v5.20. Use `PreTrainedConfig.validate_layer_type` instead
[harness] val_s17 fp32: mask_rem=0 valid_json=False traj=ok (504.6s)
[harness] wrote jax_ddrive/scripts/temp/cpu_val_s17_fp32.json (1 samples)
### CPU fp32 val_s06 ###
[harness] jax=0.10.0 dev=[CpuDevice(id=0)] dtype=fp32 matmul=highest
[transformers] PyTorch was not found. Models won't be available and only tokenizers, configuration and file/data utilities can be used.
[transformers] DeepseekV32Config got `key=rope_scaling` in kwargs but hasn't set it as attribute. For RoPE standardization you need to set `self.rope_parameters` in model's config. 
[harness] text loaded (33s)
[transformers] `layer_type_validation` is deprecated and will be removed in v5.20. Use `PreTrainedConfig.validate_layer_type` instead
/home/kaiwen/jax-dlm-baseline/.venv/lib/python3.11/site-packages/transformers/modeling_rope_utils.py:1034: FutureWarning: `rope_config_validation` is deprecated and has been removed. Its functionality has been moved to RotaryEmbeddingConfigMixin.validate_rope method. PreTrainedConfig inherits this class, so please call self.validate_rope() instead. Also, make sure to use the new rope_parameters syntax. You can call self.standardize_rope_params() in the meantime.
  warnings.warn(
[transformers] Unrecognized keys in `rope_parameters` for 'rope_type'='default': {'mrope_section'}
[transformers] Unrecognized keys in `rope_parameters` for 'rope_type'='default': {'mrope_section'}
[transformers] Fast_dDriveConfig got `key=rope_scaling` in kwargs but hasn't set it as attribute. For RoPE standardization you need to set `self.rope_parameters` in model's config. 
[transformers] Unrecognized keys in `rope_parameters` for 'rope_type'='default': {'mrope_section'}
[transformers] `layer_type_validation` is deprecated and will be removed in v5.20. Use `PreTrainedConfig.validate_layer_type` instead
[transformers] `layer_type_validation` is deprecated and will be removed in v5.20. Use `PreTrainedConfig.validate_layer_type` instead
[harness] val_s06 fp32: mask_rem=0 valid_json=False traj=ok (605.1s)
[harness] wrote jax_ddrive/scripts/temp/cpu_val_s06_fp32.json (1 samples)
CPU_HARD_DONE
