bash: /home/kaiwen/miniconda3/lib/libtinfo.so.6: no version information available (required by bash)
08:03:10 provision retry: zones=us-east5-a us-east5-b us-east5-c us-east1-d us-central1-a us-south1-a accel=v6e-1 until +5h
08:03:10 === round 1 ===
08:03:10  try us-east5-a
08:05:58   [us-east5-a] still WAITING_FOR_RESOURCES after ~2.7m
08:06:00  try us-east5-b
08:08:49   [us-east5-b] still WAITING_FOR_RESOURCES after ~2.7m
08:08:51  try us-east5-c
08:09:42   [us-east5-c] create rejected
08:09:42  try us-east1-d
08:09:52   [us-east1-d] create rejected
08:09:53  try us-central1-a
08:10:00   [us-central1-a] create rejected
08:10:00  try us-south1-a
08:10:08   [us-south1-a] create rejected
08:10:08 round 1: no capacity anywhere; backoff 8m
08:18:08 === round 2 ===
08:18:08  try us-east5-a
08:20:16   [us-east5-a] none
08:20:17  try us-east5-b
08:23:06   [us-east5-b] still WAITING_FOR_RESOURCES after ~2.7m
08:23:08  try us-east5-c
08:23:57   [us-east5-c] create rejected
08:23:58  try us-east1-d
08:24:03   [us-east1-d] create rejected
08:24:04  try us-central1-a
08:24:12   [us-central1-a] create rejected
08:24:12  try us-south1-a
08:24:19   [us-south1-a] create rejected
08:24:20 round 2: no capacity anywhere; backoff 8m
08:32:20 === round 3 ===
08:32:20  try us-east5-a
08:35:08   [us-east5-a] still WAITING_FOR_RESOURCES after ~2.7m
08:35:10  try us-east5-b
08:37:59   [us-east5-b] still WAITING_FOR_RESOURCES after ~2.7m
08:38:01  try us-east5-c
08:38:46   [us-east5-c] create rejected
08:38:47  try us-east1-d
08:38:56   [us-east1-d] create rejected
08:38:57  try us-central1-a
08:39:04   [us-central1-a] create rejected
08:39:04  try us-south1-a
08:39:11   [us-south1-a] create rejected
08:39:11 round 3: no capacity anywhere; backoff 8m
08:47:11 === round 4 ===
08:47:11  try us-east5-a
08:49:59   [us-east5-a] still WAITING_FOR_RESOURCES after ~2.7m
08:50:01  try us-east5-b
08:52:52   [us-east5-b] still WAITING_FOR_RESOURCES after ~2.7m
08:52:54  try us-east5-c
08:53:40   [us-east5-c] create rejected
08:53:41  try us-east1-d
08:53:59   [us-east1-d] create rejected
08:54:00  try us-central1-a
08:54:07   [us-central1-a] create rejected
08:54:07  try us-south1-a
08:54:15   [us-south1-a] create rejected
08:54:15 round 4: no capacity anywhere; backoff 8m
09:02:15 === round 5 ===
09:02:15  try us-east5-a
09:05:07   [us-east5-a] still WAITING_FOR_RESOURCES after ~2.7m
09:05:09  try us-east5-b
09:08:05   [us-east5-b] still PROVISIONING after ~2.7m
09:17:05  try us-east5-c
09:17:58   [us-east5-c] create rejected
09:17:59  try us-east1-d
09:18:09   [us-east1-d] create rejected
09:18:10  try us-central1-a
09:18:17   [us-central1-a] create rejected
09:18:18  try us-south1-a
09:18:25   [us-south1-a] create rejected
09:18:26 round 5: no capacity anywhere; backoff 8m
09:26:26 === round 6 ===
09:26:26  try us-east5-a
09:29:19   [us-east5-a] still WAITING_FOR_RESOURCES after ~2.7m
09:29:22  try us-east5-b
09:32:13   [us-east5-b] still WAITING_FOR_RESOURCES after ~2.7m
09:32:15  try us-east5-c
09:33:08   [us-east5-c] create rejected
09:33:09  try us-east1-d
09:33:15   [us-east1-d] create rejected
09:33:16  try us-central1-a
09:33:23   [us-central1-a] create rejected
09:33:24  try us-south1-a
09:33:31   [us-south1-a] create rejected
09:33:31 round 6: no capacity anywhere; backoff 8m
09:41:31 === round 7 ===
09:41:31  try us-east5-a
09:44:23   [us-east5-a] still WAITING_FOR_RESOURCES after ~2.7m
09:44:25  try us-east5-b
09:47:14   [us-east5-b] still WAITING_FOR_RESOURCES after ~2.7m
09:47:15  try us-east5-c
09:48:07   [us-east5-c] create rejected
09:48:08  try us-east1-d
09:48:13   [us-east1-d] create rejected
09:48:14  try us-central1-a
09:48:21   [us-central1-a] create rejected
09:48:21  try us-south1-a
09:48:29   [us-south1-a] create rejected
09:48:29 round 7: no capacity anywhere; backoff 8m
09:56:29 === round 8 ===
09:56:29  try us-east5-a
09:59:22   [us-east5-a] still WAITING_FOR_RESOURCES after ~2.7m
09:59:25  try us-east5-b
10:02:18   [us-east5-b] still WAITING_FOR_RESOURCES after ~2.7m
10:02:21  try us-east5-c
10:03:15   [us-east5-c] create rejected
10:03:16  try us-east1-d
10:03:26   [us-east1-d] create rejected
10:03:27  try us-central1-a
10:03:35   [us-central1-a] create rejected
10:03:36  try us-south1-a
10:03:43   [us-south1-a] create rejected
10:03:44 round 8: no capacity anywhere; backoff 8m
10:11:44 === round 9 ===
10:11:44  try us-east5-a
10:14:36   [us-east5-a] still WAITING_FOR_RESOURCES after ~2.7m
10:14:39  try us-east5-b
10:17:30   [us-east5-b] still WAITING_FOR_RESOURCES after ~2.7m
10:17:32  try us-east5-c
10:18:23   [us-east5-c] create rejected
10:18:24  try us-east1-d
10:18:32   [us-east1-d] create rejected
10:18:33  try us-central1-a
10:18:40   [us-central1-a] create rejected
10:18:41  try us-south1-a
10:18:49   [us-south1-a] create rejected
10:18:49 round 9: no capacity anywhere; backoff 8m
10:26:49 === round 10 ===
10:26:49  try us-east5-a
10:29:42   [us-east5-a] still WAITING_FOR_RESOURCES after ~2.7m
10:29:44  try us-east5-b
10:32:37   [us-east5-b] still PROVISIONING after ~2.7m
10:42:24  try us-east5-c
10:43:12   [us-east5-c] create rejected
10:43:13  try us-east1-d
10:43:20   [us-east1-d] create rejected
10:43:21  try us-central1-a
10:43:30   [us-central1-a] create rejected
10:43:30  try us-south1-a
10:43:38   [us-south1-a] create rejected
10:43:39 round 10: no capacity anywhere; backoff 8m
10:51:39 === round 11 ===
10:51:39  try us-east5-a
10:54:34   [us-east5-a] still WAITING_FOR_RESOURCES after ~2.7m
10:54:36  try us-east5-b
10:57:34   [us-east5-b] still WAITING_FOR_RESOURCES after ~2.7m
10:57:36  try us-east5-c
10:58:26   [us-east5-c] create rejected
10:58:26  try us-east1-d
10:58:42   [us-east1-d] create rejected
10:58:43  try us-central1-a
10:58:51   [us-central1-a] create rejected
10:58:52  try us-south1-a
10:58:59   [us-south1-a] create rejected
10:59:00 round 11: no capacity anywhere; backoff 8m
11:07:00 === round 12 ===
11:07:00  try us-east5-a
11:09:52   [us-east5-a] still WAITING_FOR_RESOURCES after ~2.7m
11:09:55  try us-east5-b
11:12:45   [us-east5-b] still WAITING_FOR_RESOURCES after ~2.7m
11:12:47  try us-east5-c
11:13:34   [us-east5-c] create rejected
11:13:34  try us-east1-d
11:13:42   [us-east1-d] create rejected
11:13:43  try us-central1-a
11:13:50   [us-central1-a] create rejected
11:13:50  try us-south1-a
11:13:56   [us-south1-a] create rejected
11:13:57 round 12: no capacity anywhere; backoff 8m
11:21:57 === round 13 ===
11:21:57  try us-east5-a
11:24:51   [us-east5-a] still WAITING_FOR_RESOURCES after ~2.7m
11:24:54  try us-east5-b
11:27:48   [us-east5-b] still WAITING_FOR_RESOURCES after ~2.7m
11:27:50  try us-east5-c
11:28:36   [us-east5-c] create rejected
11:28:37  try us-east1-d
11:28:44   [us-east1-d] create rejected
11:28:45  try us-central1-a
11:28:52   [us-central1-a] create rejected
11:28:52  try us-south1-a
11:29:00   [us-south1-a] create rejected
11:29:01 round 13: no capacity anywhere; backoff 8m
11:37:02 === round 14 ===
11:37:03  try us-east5-a
11:39:57   [us-east5-a] still WAITING_FOR_RESOURCES after ~2.7m
11:39:59  try us-east5-b
11:42:51   [us-east5-b] still WAITING_FOR_RESOURCES after ~2.7m
11:42:53  try us-east5-c
11:43:44   [us-east5-c] create rejected
11:43:45  try us-east1-d
11:43:54   [us-east1-d] create rejected
11:43:59  try us-central1-a
11:44:11   [us-central1-a] create rejected
11:44:15  try us-south1-a
11:44:23   [us-south1-a] create rejected
11:44:24 round 14: no capacity anywhere; backoff 8m
11:52:24 === round 15 ===
11:52:25  try us-east5-a
11:55:19   [us-east5-a] still WAITING_FOR_RESOURCES after ~2.7m
11:55:21  try us-east5-b
11:58:13   [us-east5-b] still PROVISIONING after ~2.7m
12:07:55  try us-east5-c
12:08:49   [us-east5-c] create rejected
12:08:50  try us-east1-d
12:08:59   [us-east1-d] create rejected
12:09:01  try us-central1-a
12:09:08   [us-central1-a] create rejected
12:09:09  try us-south1-a
12:09:14   [us-south1-a] create rejected
12:09:15 round 15: no capacity anywhere; backoff 8m
12:17:15 === round 16 ===
12:17:15  try us-east5-a
12:20:07   [us-east5-a] still WAITING_FOR_RESOURCES after ~2.7m
12:20:08  try us-east5-b
12:23:02   [us-east5-b] still WAITING_FOR_RESOURCES after ~2.7m
12:23:04  try us-east5-c
12:23:55   [us-east5-c] create rejected
12:23:56  try us-east1-d
12:24:03   [us-east1-d] create rejected
12:24:05  try us-central1-a
12:24:12   [us-central1-a] create rejected
12:24:13  try us-south1-a
12:24:20   [us-south1-a] create rejected
12:24:21 round 16: no capacity anywhere; backoff 8m
12:32:21 === round 17 ===
12:32:21  try us-east5-a
12:35:13   [us-east5-a] still WAITING_FOR_RESOURCES after ~2.7m
12:35:15  try us-east5-b
12:38:11   [us-east5-b] still PROVISIONING after ~2.7m
12:47:34  try us-east5-c
12:48:22   [us-east5-c] create rejected
12:48:23  try us-east1-d
12:48:28   [us-east1-d] create rejected
12:48:29  try us-central1-a
12:48:35   [us-central1-a] create rejected
12:48:36  try us-south1-a
12:48:42   [us-south1-a] create rejected
12:48:43 round 17: no capacity anywhere; backoff 8m
12:56:43 === round 18 ===
12:56:43  try us-east5-a
12:59:32   [us-east5-a] still WAITING_FOR_RESOURCES after ~2.7m
12:59:33  try us-east5-b
13:02:22   [us-east5-b] still WAITING_FOR_RESOURCES after ~2.7m
13:02:23  try us-east5-c
13:03:16   [us-east5-c] create rejected
13:03:16 TPU_NO_CAPACITY (no v6e-1 capacity within retry window)
